// Jest Snapshot v1, https://goo.gl/fbAQLP

exports[`test pages snapshot Test Profile snapshot 1`] = `
<div
  className="container"
>
  <div
    className="row"
  >
    <div
      className="col-md-6"
    >
      <h3>
        My Missions
      </h3>
      <div
        className="list-group"
        onKeyDown={[Function]}
      />
    </div>
    <div
      className="col-md-6"
    >
      <h3>
        My Rockets
      </h3>
      <div
        className="list-group"
        onKeyDown={[Function]}
      />
    </div>
  </div>
</div>
`;

exports[`test pages snapshot Test home snapshot 1`] = `
<div
  className="mt-2 container"
/>
`;
